[amitaysadovsky.weebly.com/index.html]
[backblue.gif]
[fade.gif]
[index.html]
[amitaysadovsky.weebly.com/uploads/5/7/0/3/57037851/forwards_1_orig.jpg]
[amitaysadovsky.weebly.com/uploads/5/7/0/3/57037851/kitchen1.jpg]
[amitaysadovsky.weebly.com/uploads/5/7/0/3/57037851/img-4560-copy_orig.jpg]
[amitaysadovsky.weebly.com/uploads/5/7/0/3/57037851/1200355081_orig.jpg]
[amitaysadovsky.weebly.com/uploads/5/7/0/3/57037851/bath2s.jpg]
[connect.facebook.net/en_GB/sdk.js]
[cdn11.editmysite.com/css/sites9136.css]
[cdn11.editmysite.com/css/old/fancybox9136.css]
[cdn11.editmysite.com/css/social-icons9136.css]
[amitaysadovsky.weebly.com/files/main_style1df7.css]
[cdn2.editmysite.com/fonts/Raleway/fontc81e.css]
[cdn2.editmysite.com/fonts/Lora/fontc81e.css]
[cdn2.editmysite.com/fonts/Droid_Serif/fontc81e.css]
[amitaysadovsky.weebly.com/uploads/5/7/0/3/57037851/background-images/1399929457.jpg]
[cdn2.editmysite.com/css/old/slideshow/slideshow9136.css]
[amitaysadovsky.weebly.com/files/templateArtifacts1df7.js]
[cdn11.editmysite.com/js/jquery-1.8.3.min.js]
[cdn2.editmysite.com/js/old/slideshow-jq9136.js]
[cdn2.editmysite.com/js/lang/en/stl67aa.js]
[www.google.com/recaptcha/api.js]
[amitaysadovsky.weebly.com/2018.html]
[amitaysadovsky.weebly.com/seven-2016.html]
[amitaysadovsky.weebly.com/spare-parts-2014-2015.html]
[amitaysadovsky.weebly.com/short-escape-2011-2013.html]
[amitaysadovsky.weebly.com/dreams-decipherer-2009-2011.html]
[amitaysadovsky.weebly.com/wall-installation-2009.html]
[amitaysadovsky.weebly.com/in-between-2006-2008.html]
[amitaysadovsky.weebly.com/shield-of-the-mighty-2011.html]
[cdn11.editmysite.com/js/site/main9136.js]
[amitaysadovsky.weebly.com/quiet-island-video-performance-2012.html]
[amitaysadovsky.weebly.com/private-investigations-2004.html]
[amitaysadovsky.weebly.com/news.html]
[amitaysadovsky.weebly.com/publications.html]
[amitaysadovsky.weebly.com/articles.html]
[amitaysadovsky.weebly.com/about.html]
[amitaysadovsky.weebly.com/contact.html]
[amitaysadovsky.weebly.com/uploads/5/7/0/3/57037851/kitchen1_orig.jpg]
[cdn11.editmysite.com/images/site/footer/footer-toast-published-image-1.png]
[cdn11.editmysite.com/js/site/footerSignup9cb5.js]
[amitaysadovsky.weebly.com/files/theme/customd39e.js]
[amitaysadovsky.weebly.com/files/theme/mobiled39e.js]
[amitaysadovsky.weebly.com/files/theme/pluginsd39e.js]
[amitaysadovsky.weebly.com/index.html]
[connect.facebook.net/en_GB/sdk.js]
[cdn11.editmysite.com/images/util/videojs/white-bar.png]
[cdn11.editmysite.com/images/util/videojs/@2x/white-bar.png]
[cdn11.editmysite.com/images/util/videojs/gradient.png]
[cdn11.editmysite.com/images/util/videojs/@2x/gradient.png]
[cdn11.editmysite.com/sprites/util/videojs-sacae758aa2.png]
[cdn3.editmysite.com/app/website/static/js/wsnbn/snowday262.js]
[cdn11.editmysite.com/sprites/util/videojs/@2x-s2aff7e7d9a.png]
[cdn11.editmysite.com/images/util/videojs/volume-filled.png]
[cdn11.editmysite.com/images/util/videojs/@2x/volume-filled.png]
[cdn11.editmysite.com/images/util/videojs/volume-mute.png]
[cdn11.editmysite.com/images/util/videojs/@2x/volume-mute.png]
[cdn11.editmysite.com/images/util/videojs/blue-bar.png]
[cdn11.editmysite.com/images/util/videojs/@2x/blue-bar.png]
[cdn11.editmysite.com/images/util/videojs/maximize-icon.png]
[cdn11.editmysite.com/images/util/videojs/@2x/maximize-icon.png]
[cdn11.editmysite.com/images/util/videojs/minimize-icon.png]
[cdn11.editmysite.com/images/util/videojs/@2x/minimize-icon.png]
[cdn11.editmysite.com/images/util/videojs/play-icon.png]
[cdn11.editmysite.com/images/util/videojs/@2x/play-icon.png]
[cdn11.editmysite.com/images/util/videojs/sad-face.png]
[cdn11.editmysite.com/images/util/videojs/@2x/sad-face.png]
[cdn11.editmysite.com/images/util/videojs/loading-icon.png]
[cdn11.editmysite.com/images/util/videojs/@2x/loading-icon.png]
[cdn11.editmysite.com/images/common/buttons/small_grey.png]
[cdn11.editmysite.com/images/common/buttons/small_blue.png]
[cdn11.editmysite.com/images/old/button/large_grey.png]
[cdn11.editmysite.com/images/common/buttons/large_blue.png]
[cdn11.editmysite.com/images/common/search-light.png]
[cdn11.editmysite.com/images/common/social_icons.png]
[cdn11.editmysite.com/images/common/blog/blog-comment-button.png]
[cdn11.editmysite.com/images/common/blog/blog-comment-header.png]
[cdn11.editmysite.com/images/common/blog/blog-comment-pointer.png]
[cdn11.editmysite.com/images/common/blog/blog-comment-link.png]
[cdn11.editmysite.com/images/common/blog/blog-comment-header-author.png]
[cdn11.editmysite.com/images/common/blog/blog-comment-pointer-author.png]
[cdn11.editmysite.com/images/common/blog/blog-comment-field-bg.png]
[cdn11.editmysite.com/images/common/blog/dark-blog-comment-header.png]
[cdn11.editmysite.com/images/common/blog/dark-blog-comment-pointer.png]
[cdn11.editmysite.com/images/common/blog/dark-blog-comment-header-author.png]
[cdn2.editmysite.com/js/site/main-customer-accounts-site9136.js]
[cdn11.editmysite.com/images/common/blog/dark-blog-comment-pointer-author.png]
[cdn11.editmysite.com/images/common/blog/dark-blog-comment-link.png]
[cdn11.editmysite.com/images/util/general/blank.gif]
[cdn11.editmysite.com/images/common/lightbox/prevlabel.gif]
[cdn11.editmysite.com/images/common/lightbox/nextlabel.gif]
[cdn11.editmysite.com/sprites/util/inputs/checkmarkBox-s7868418152.png]
[cdn11.editmysite.com/sprites/util/inputs/checkmarkBox/@2x-s211a47d318.png]
[cdn11.editmysite.com/images/util/inputs/search-input-bg.jpg]
[cdn11.editmysite.com/images/common/magnifying-glass.png]
[cdn11.editmysite.com/images/common/checkmarks/checkmark-mini.png]
[cdn11.editmysite.com/images/common/checkmarks/@2x/checkmark-mini.png]
[cdn11.editmysite.com/images/common/search-pagination-bg.png]
[cdn11.editmysite.com/images/util/general/top-triangle-000.png]
[cdn11.editmysite.com/images/util/general/bottom-triangle-000.png]
[cdn11.editmysite.com/images/util/general/top-triangle-000@2x.png]
[cdn11.editmysite.com/images/util/general/bottom-triangle-000@2x.png]
[cdn11.editmysite.com/sprites/common/social-icons-s5ea5500bdb.png]
[cdn11.editmysite.com/sprites/common/social-icons/@2x-s0ae7d70c70.png]
[cdn11.editmysite.com/sprites/site/mini-cart-s86c48effae.png]
[cdn11.editmysite.com/sprites/site/mini-cart/@2x-s576cbc3f90.png]
[cdn11.editmysite.com/images/loading.gif]
[cdn11.editmysite.com/sprites/site/mobile/commerce-sdf6d4e852c.png]
[cdn11.editmysite.com/sprites/site/mobile/commerce/@2x-s82f968c453.png]
[cdn11.editmysite.com/images/site/checkout/paypal.png]
[cdn11.editmysite.com/images/site/checkout/@2x/paypal.png]
[cdn11.editmysite.com/images/site/checkout/credit-cards.png]
[cdn11.editmysite.com/images/site/checkout/@2x/credit-cards.png]
[cdn11.editmysite.com/images/site/checkout/print.png]
[cdn11.editmysite.com/images/site/checkout/print@2x.png]
[cdn11.editmysite.com/images/vendor/select2/select2.png]
[cdn11.editmysite.com/images/vendor/select2/select2-spinner.gif]
[cdn11.editmysite.com/images/vendor/select2/select2x2.png]
[cdn11.editmysite.com/images/util/spinner/spinner-dark.png]
[cdn11.editmysite.com/images/util/spinner/spinner-light.png]
[cdn11.editmysite.com/images/util/loading-white-w24.gif]
[cdn11.editmysite.com/images/common/form_input_bg.gif]
[cdn11.editmysite.com/sprites/site/forms-s3786257308.png]
[cdn11.editmysite.com/sprites/site/forms/@2x-s47607b315a.png]
[cdn11.editmysite.com/images/blank.gif]
[cdn11.editmysite.com/images/old/photoswipe/loader.gif]
[cdn11.editmysite.com/images/old/photoswipe/error.gif]
[cdn11.editmysite.com/images/old/photoswipe/icons.png]
[cdn11.editmysite.com/images/old/photoswipe/icons@2x.png]
[cdn11.editmysite.com/css/sites9136.css]
[cdn11.editmysite.com/images/old/fancybox/fancybox_sprite.png]
[cdn11.editmysite.com/images/old/fancybox/fancybox_loading.gif]
[cdn11.editmysite.com/images/old/fancybox/blank.gif]
[cdn11.editmysite.com/images/old/fancybox/fancybox_overlay.png]
[cdn11.editmysite.com/css/old/fancybox9136.css]
[cdn11.editmysite.com/css/social-icons9136.css]
[amitaysadovsky.weebly.com/files/theme/images/default_header.841df7.delayed]
[amitaysadovsky.weebly.com/files/theme/images/downarrow1df7.png]
[amitaysadovsky.weebly.com/files/theme/images/default_icons1df7.png]
[amitaysadovsky.weebly.com/files/theme/images/teal_icons1df7.png]
[amitaysadovsky.weebly.com/files/main_style1df7.css]
[cdn2.editmysite.com/fonts/Raleway/ultralight.eot]
[cdn2.editmysite.com/fonts/Raleway/ultralight.woff2]
[cdn2.editmysite.com/fonts/Raleway/ultralight.woff]
[cdn2.editmysite.com/fonts/Raleway/ultralightd41d.eot]
[cdn2.editmysite.com/fonts/Raleway/light.woff2]
[cdn2.editmysite.com/fonts/Raleway/light.woff]
[cdn2.editmysite.com/fonts/Raleway/ultralight.ttf]
[cdn2.editmysite.com/fonts/Raleway/light.eot]
[cdn2.editmysite.com/fonts/Raleway/regular.woff2]
[cdn2.editmysite.com/fonts/Raleway/lightd41d.eot]
[cdn2.editmysite.com/fonts/Raleway/regular.eot]
[cdn2.editmysite.com/fonts/Raleway/light.ttf]
[cdn2.editmysite.com/fonts/Raleway/regular.woff]
[cdn2.editmysite.com/fonts/Raleway/regulard41d.eot]
[cdn2.editmysite.com/fonts/Raleway/medium.woff2]
[cdn2.editmysite.com/fonts/Raleway/regular.ttf]
[cdn2.editmysite.com/fonts/Raleway/medium.eot]
[cdn2.editmysite.com/fonts/Raleway/medium.woff]
[cdn2.editmysite.com/fonts/Raleway/mediumd41d.eot]
[cdn2.editmysite.com/fonts/Raleway/semibold.woff2]
[cdn2.editmysite.com/fonts/Raleway/medium.ttf]
[cdn2.editmysite.com/fonts/Raleway/semibold.woff]
[cdn2.editmysite.com/fonts/Raleway/semibold.eot]
[cdn2.editmysite.com/fonts/Raleway/semiboldd41d.eot]
[cdn2.editmysite.com/fonts/Raleway/bold.woff2]
[cdn2.editmysite.com/fonts/Raleway/semibold.ttf]
[cdn2.editmysite.com/fonts/Raleway/bold.woff]
[cdn2.editmysite.com/fonts/Raleway/bold.eot]
[cdn2.editmysite.com/fonts/Raleway/fontc81e.css]
[cdn2.editmysite.com/fonts/Raleway/boldd41d.eot]
[cdn2.editmysite.com/fonts/Lora/regular.woff2]
[cdn2.editmysite.com/fonts/Lora/regular.eot]
[cdn2.editmysite.com/fonts/Lora/regular.woff]
[cdn2.editmysite.com/fonts/Raleway/bold.ttf]
[cdn2.editmysite.com/fonts/Lora/regulard41d.eot]
[cdn2.editmysite.com/fonts/Lora/bold.woff2]
[cdn2.editmysite.com/fonts/Lora/bold.eot]
[cdn2.editmysite.com/fonts/Lora/regular.ttf]
[cdn2.editmysite.com/fonts/Lora/bold.woff]
[cdn2.editmysite.com/fonts/Lora/boldd41d.eot]
[cdn2.editmysite.com/fonts/Lora/italic.woff2]
[cdn2.editmysite.com/fonts/Lora/bold.ttf]
[cdn2.editmysite.com/fonts/Lora/italic.woff]
[cdn2.editmysite.com/fonts/Lora/italic.eot]
[cdn2.editmysite.com/fonts/Lora/italicd41d.eot]
[cdn2.editmysite.com/fonts/Lora/bolditalic.woff2]
[cdn2.editmysite.com/fonts/Lora/italic.ttf]
[cdn2.editmysite.com/fonts/Lora/bolditalic.woff]
[cdn2.editmysite.com/fonts/Lora/bolditalic.eot]
[cdn2.editmysite.com/fonts/Lora/fontc81e.css]
[cdn2.editmysite.com/fonts/Lora/bolditalicd41d.eot]
[cdn2.editmysite.com/fonts/Droid_Serif/fontc81e.css]
[cdn2.editmysite.com/fonts/Lora/bolditalic.ttf]
[cdn2.editmysite.com/images/old/slideshow/control_icons.gif]
[cdn2.editmysite.com/images/old/slideshow/header_slideshow_sprites.png]
[cdn2.editmysite.com/fonts/Droid_Serif/regular.eot]
[cdn2.editmysite.com/images/old/loading.gif]
[cdn2.editmysite.com/images/old/slideshow/header_slideshow_sprites1x.png]
[cdn2.editmysite.com/css/old/slideshow/slideshow9136.css]
[amitaysadovsky.weebly.com/files/templateArtifacts1df7.js]
[cdn2.editmysite.com/fonts/Droid_Serif/regular.ttf]
[cdn2.editmysite.com/fonts/Droid_Serif/regulard41d.eot]
[amitaysadovsky.weebly.com/uploads/5/7/0/3/57037851/ella-004s_1.jpg]
[amitaysadovsky.weebly.com/uploads/5/7/0/3/57037851/ella-007s_1.jpg]
[amitaysadovsky.weebly.com/uploads/5/7/0/3/57037851/ella-006s.jpg]
[amitaysadovsky.weebly.com/uploads/5/7/0/3/57037851/ella-022s.jpg]
[amitaysadovsky.weebly.com/uploads/5/7/0/3/57037851/ella-028s_1.jpg]
[amitaysadovsky.weebly.com/uploads/5/7/0/3/57037851/ella-024s.jpg]
[amitaysadovsky.weebly.com/uploads/5/7/0/3/57037851/ella-003fs.jpg]
[amitaysadovsky.weebly.com/uploads/5/7/0/3/57037851/ella-021s.jpg]
[amitaysadovsky.weebly.com/uploads/5/7/0/3/57037851/ella-013s.jpg]
[amitaysadovsky.weebly.com/uploads/5/7/0/3/57037851/ella-005s_1.jpg]
[amitaysadovsky.weebly.com/uploads/5/7/0/3/57037851/ella-004s_1_orig.jpg]
[cdn2.editmysite.com/js/lang/en/stldae8.js]
[amitaysadovsky.weebly.com/uploads/5/7/0/3/57037851/ella-007s_1_orig.jpg]
[amitaysadovsky.weebly.com/uploads/5/7/0/3/57037851/ella-006s_orig.jpg]
[amitaysadovsky.weebly.com/uploads/5/7/0/3/57037851/ella-022s_orig.jpg]
[amitaysadovsky.weebly.com/uploads/5/7/0/3/57037851/ella-028s_1_orig.jpg]
[amitaysadovsky.weebly.com/uploads/5/7/0/3/57037851/ella-024s_orig.jpg]
[amitaysadovsky.weebly.com/uploads/5/7/0/3/57037851/ella-003fs_orig.jpg]
[amitaysadovsky.weebly.com/uploads/5/7/0/3/57037851/ella-021s_orig.jpg]
[amitaysadovsky.weebly.com/uploads/5/7/0/3/57037851/ella-013s_orig.jpg]
[amitaysadovsky.weebly.com/uploads/5/7/0/3/57037851/ella-005s_1_orig.jpg]
[amitaysadovsky.weebly.com/uploads/5/7/0/3/57037851/ella-002s_orig.jpg]
[amitaysadovsky.weebly.com/uploads/5/7/0/3/57037851/ella-002s.jpg]
[amitaysadovsky.weebly.com/uploads/5/7/0/3/57037851/ella-017s_orig.jpg]
[amitaysadovsky.weebly.com/uploads/5/7/0/3/57037851/ella-017s.jpg]
[amitaysadovsky.weebly.com/uploads/5/7/0/3/57037851/ella-008s_1_orig.jpg]
[amitaysadovsky.weebly.com/uploads/5/7/0/3/57037851/ella-008s_1.jpg]
[amitaysadovsky.weebly.com/uploads/5/7/0/3/57037851/ella-009s_orig.jpg]
[amitaysadovsky.weebly.com/uploads/5/7/0/3/57037851/ella-009s.jpg]
[amitaysadovsky.weebly.com/uploads/5/7/0/3/57037851/ella-018s_orig.jpg]
[amitaysadovsky.weebly.com/uploads/5/7/0/3/57037851/ella-018s.jpg]
[amitaysadovsky.weebly.com/uploads/5/7/0/3/57037851/ella-010s_orig.jpg]
[amitaysadovsky.weebly.com/uploads/5/7/0/3/57037851/ella-010s.jpg]
[amitaysadovsky.weebly.com/uploads/5/7/0/3/57037851/ella-011s_orig.jpg]
[amitaysadovsky.weebly.com/uploads/5/7/0/3/57037851/ella-011s.jpg]
[amitaysadovsky.weebly.com/uploads/5/7/0/3/57037851/ella-014s_orig.jpg]
[amitaysadovsky.weebly.com/uploads/5/7/0/3/57037851/ella-014s.jpg]
[amitaysadovsky.weebly.com/uploads/5/7/0/3/57037851/ella-015s_orig.jpg]
[amitaysadovsky.weebly.com/uploads/5/7/0/3/57037851/ella-015s.jpg]
[amitaysadovsky.weebly.com/uploads/5/7/0/3/57037851/ella-016s_orig.jpg]
[amitaysadovsky.weebly.com/uploads/5/7/0/3/57037851/ella-016s.jpg]
[amitaysadovsky.weebly.com/uploads/5/7/0/3/57037851/ella-020s_orig.jpg]
[amitaysadovsky.weebly.com/uploads/5/7/0/3/57037851/ella-020s.jpg]
[amitaysadovsky.weebly.com/uploads/5/7/0/3/57037851/ella-023s_orig.jpg]
[amitaysadovsky.weebly.com/uploads/5/7/0/3/57037851/ella-023s.jpg]
[amitaysadovsky.weebly.com/2018.html]
[amitaysadovsky.weebly.com/uploads/5/7/0/3/57037851/bath006s.jpg]
[amitaysadovsky.weebly.com/uploads/5/7/0/3/57037851/from-the-bed-3562s.jpg]
[amitaysadovsky.weebly.com/uploads/5/7/0/3/57037851/from-the-bed-dancer-3792s.jpg]
[cdn2.editmysite.com/js/site/main-customer-accounts-sitee19e.js]
[amitaysadovsky.weebly.com/uploads/5/7/0/3/57037851/wind1-002-01-paintingx2-0299s.jpg]
[amitaysadovsky.weebly.com/uploads/5/7/0/3/57037851/carpt006s.jpg]
[amitaysadovsky.weebly.com/uploads/5/7/0/3/57037851/carpt007s.jpg]
[amitaysadovsky.weebly.com/uploads/5/7/0/3/57037851/carpt008sm.jpg]
[amitaysadovsky.weebly.com/uploads/5/7/0/3/57037851/wind1-003-01-paintingx2-0309s.jpg]
[amitaysadovsky.weebly.com/uploads/5/7/0/3/57037851/wind1-mac-6714s.jpg]
[amitaysadovsky.weebly.com/uploads/5/7/0/3/57037851/wind2-001-01-x1-0484.jpg]
[amitaysadovsky.weebly.com/uploads/5/7/0/3/57037851/bath006s_orig.jpg]
[amitaysadovsky.weebly.com/uploads/5/7/0/3/57037851/from-the-bed-3562s_orig.jpg]
[amitaysadovsky.weebly.com/uploads/5/7/0/3/57037851/from-the-bed-dancer-3792s_orig.jpg]
[amitaysadovsky.weebly.com/uploads/5/7/0/3/57037851/wind1-002-01-paintingx2-0299s_orig.jpg]
[amitaysadovsky.weebly.com/uploads/5/7/0/3/57037851/carpt006s_orig.jpg]
[amitaysadovsky.weebly.com/uploads/5/7/0/3/57037851/carpt007s_orig.jpg]
[amitaysadovsky.weebly.com/uploads/5/7/0/3/57037851/carpt008sm_orig.jpg]
[amitaysadovsky.weebly.com/uploads/5/7/0/3/57037851/wind1-003-01-paintingx2-0309s_orig.jpg]
[amitaysadovsky.weebly.com/uploads/5/7/0/3/57037851/wind1-mac-6714s_orig.jpg]
[amitaysadovsky.weebly.com/uploads/5/7/0/3/57037851/wind2-001-01-x1-0484_orig.jpg]
[amitaysadovsky.weebly.com/uploads/5/7/0/3/57037851/wind2-007-01-x1-0402s_orig.jpg]
[amitaysadovsky.weebly.com/uploads/5/7/0/3/57037851/wind2-007-01-x1-0402s.jpg]
[amitaysadovsky.weebly.com/uploads/5/7/0/3/57037851/wind2-008-01-x1-0178s_orig.jpg]
[amitaysadovsky.weebly.com/uploads/5/7/0/3/57037851/wind2-008-01-x1-0178s.jpg]
[amitaysadovsky.weebly.com/seven-2016.html]
[amitaysadovsky.weebly.com/uploads/5/7/0/3/57037851/6604380.jpg]
[amitaysadovsky.weebly.com/uploads/5/7/0/3/57037851/2897312.jpg]
[amitaysadovsky.weebly.com/uploads/5/7/0/3/57037851/2607904.jpg]
[amitaysadovsky.weebly.com/uploads/5/7/0/3/57037851/730166.jpg]
[amitaysadovsky.weebly.com/uploads/5/7/0/3/57037851/4676529.jpg]
[amitaysadovsky.weebly.com/uploads/5/7/0/3/57037851/8379449.jpg]
[amitaysadovsky.weebly.com/uploads/5/7/0/3/57037851/9706682.jpg]
[amitaysadovsky.weebly.com/uploads/5/7/0/3/57037851/1691382.jpg]
[amitaysadovsky.weebly.com/uploads/5/7/0/3/57037851/4571287.jpg]
[amitaysadovsky.weebly.com/uploads/5/7/0/3/57037851/5893674.jpg]
[amitaysadovsky.weebly.com/installation-view.html]
[amitaysadovsky.weebly.com/uploads/5/7/0/3/57037851/6604380_orig.jpg]
[amitaysadovsky.weebly.com/uploads/5/7/0/3/57037851/2897312_orig.jpg]
[amitaysadovsky.weebly.com/uploads/5/7/0/3/57037851/2607904_orig.jpg]
[amitaysadovsky.weebly.com/uploads/5/7/0/3/57037851/730166_orig.jpg]
[amitaysadovsky.weebly.com/uploads/5/7/0/3/57037851/4676529_orig.jpg]
[amitaysadovsky.weebly.com/uploads/5/7/0/3/57037851/8379449_orig.jpg]
[amitaysadovsky.weebly.com/uploads/5/7/0/3/57037851/9706682_orig.jpg]
[amitaysadovsky.weebly.com/uploads/5/7/0/3/57037851/1691382_orig.jpg]
[amitaysadovsky.weebly.com/uploads/5/7/0/3/57037851/4571287_orig.jpg]
[amitaysadovsky.weebly.com/uploads/5/7/0/3/57037851/5893674_orig.jpg]
[amitaysadovsky.weebly.com/uploads/5/7/0/3/57037851/777547_orig.jpg]
[amitaysadovsky.weebly.com/uploads/5/7/0/3/57037851/777547.jpg]
[amitaysadovsky.weebly.com/uploads/5/7/0/3/57037851/9829055_orig.jpg]
[amitaysadovsky.weebly.com/uploads/5/7/0/3/57037851/9829055.jpg]
[amitaysadovsky.weebly.com/uploads/5/7/0/3/57037851/6163931_orig.jpg]
[amitaysadovsky.weebly.com/uploads/5/7/0/3/57037851/6163931.jpg]
[amitaysadovsky.weebly.com/uploads/5/7/0/3/57037851/371361_orig.jpg]
[amitaysadovsky.weebly.com/uploads/5/7/0/3/57037851/371361.jpg]
[amitaysadovsky.weebly.com/uploads/5/7/0/3/57037851/4016660_orig.jpg]
[amitaysadovsky.weebly.com/uploads/5/7/0/3/57037851/4016660.jpg]
[amitaysadovsky.weebly.com/uploads/5/7/0/3/57037851/5798943_orig.jpg]
[amitaysadovsky.weebly.com/uploads/5/7/0/3/57037851/5798943.jpg]
[amitaysadovsky.weebly.com/spare-parts-2014-2015.html]
[amitaysadovsky.weebly.com/uploads/5/7/0/3/57037851/945725.jpg]
[amitaysadovsky.weebly.com/uploads/5/7/0/3/57037851/2926769.jpg]
[amitaysadovsky.weebly.com/uploads/5/7/0/3/57037851/1242193.jpg]
[amitaysadovsky.weebly.com/uploads/5/7/0/3/57037851/4699981.jpg]
[amitaysadovsky.weebly.com/uploads/5/7/0/3/57037851/8810670.jpg]
[amitaysadovsky.weebly.com/uploads/5/7/0/3/57037851/1321084.jpg]
[amitaysadovsky.weebly.com/uploads/5/7/0/3/57037851/6771649.jpg]
[amitaysadovsky.weebly.com/uploads/5/7/0/3/57037851/9369984.jpg]
[amitaysadovsky.weebly.com/uploads/5/7/0/3/57037851/1298779.jpg]
[amitaysadovsky.weebly.com/uploads/5/7/0/3/57037851/8652204.jpg]
[amitaysadovsky.weebly.com/uploads/5/7/0/3/57037851/945725_orig.jpg]
[amitaysadovsky.weebly.com/uploads/5/7/0/3/57037851/2926769_orig.jpg]
[amitaysadovsky.weebly.com/uploads/5/7/0/3/57037851/1242193_orig.jpg]
[amitaysadovsky.weebly.com/uploads/5/7/0/3/57037851/4699981_orig.jpg]
[amitaysadovsky.weebly.com/uploads/5/7/0/3/57037851/8810670_orig.jpg]
[amitaysadovsky.weebly.com/uploads/5/7/0/3/57037851/1321084_orig.jpg]
[amitaysadovsky.weebly.com/uploads/5/7/0/3/57037851/6771649_orig.jpg]
[amitaysadovsky.weebly.com/uploads/5/7/0/3/57037851/9369984_orig.jpg]
[amitaysadovsky.weebly.com/uploads/5/7/0/3/57037851/1298779_orig.jpg]
[amitaysadovsky.weebly.com/uploads/5/7/0/3/57037851/8652204_orig.jpg]
[amitaysadovsky.weebly.com/uploads/5/7/0/3/57037851/3120311_orig.jpg]
[amitaysadovsky.weebly.com/uploads/5/7/0/3/57037851/3120311.jpg]
[amitaysadovsky.weebly.com/uploads/5/7/0/3/57037851/9790173_orig.jpg]
[amitaysadovsky.weebly.com/uploads/5/7/0/3/57037851/9790173.jpg]
[amitaysadovsky.weebly.com/short-escape-2011-2013.html]
[amitaysadovsky.weebly.com/uploads/5/7/0/3/57037851/5214052.jpg]
[amitaysadovsky.weebly.com/uploads/5/7/0/3/57037851/864075.jpg]
[amitaysadovsky.weebly.com/uploads/5/7/0/3/57037851/8998413.jpg]
[amitaysadovsky.weebly.com/uploads/5/7/0/3/57037851/1384834.jpg]
[amitaysadovsky.weebly.com/uploads/5/7/0/3/57037851/6580627.jpg]
[amitaysadovsky.weebly.com/uploads/5/7/0/3/57037851/8335929.jpg]
[amitaysadovsky.weebly.com/uploads/5/7/0/3/57037851/8451661.jpg]
[amitaysadovsky.weebly.com/uploads/5/7/0/3/57037851/890589.jpg]
[amitaysadovsky.weebly.com/uploads/5/7/0/3/57037851/1612633.jpg]
[amitaysadovsky.weebly.com/uploads/5/7/0/3/57037851/6955513.jpg]
[amitaysadovsky.weebly.com/uploads/5/7/0/3/57037851/5214052_orig.jpg]
[amitaysadovsky.weebly.com/uploads/5/7/0/3/57037851/864075_orig.jpg]
[amitaysadovsky.weebly.com/uploads/5/7/0/3/57037851/8998413_orig.jpg]
[amitaysadovsky.weebly.com/uploads/5/7/0/3/57037851/1384834_orig.jpg]
[amitaysadovsky.weebly.com/uploads/5/7/0/3/57037851/6580627_orig.jpg]
[amitaysadovsky.weebly.com/uploads/5/7/0/3/57037851/8335929_orig.jpg]
[amitaysadovsky.weebly.com/uploads/5/7/0/3/57037851/8451661_orig.jpg]
[amitaysadovsky.weebly.com/uploads/5/7/0/3/57037851/890589_orig.jpg]
[amitaysadovsky.weebly.com/uploads/5/7/0/3/57037851/1612633_orig.jpg]
[amitaysadovsky.weebly.com/uploads/5/7/0/3/57037851/6955513_orig.jpg]
[amitaysadovsky.weebly.com/uploads/5/7/0/3/57037851/6864333_orig.jpg]
[amitaysadovsky.weebly.com/uploads/5/7/0/3/57037851/6864333.jpg]
[amitaysadovsky.weebly.com/uploads/5/7/0/3/57037851/6097593_orig.jpg]
[amitaysadovsky.weebly.com/dreams-decipherer-2009-2011.html]
[amitaysadovsky.weebly.com/uploads/5/7/0/3/57037851/6097593.jpg]
[amitaysadovsky.weebly.com/uploads/5/7/0/3/57037851/5825661.jpg]
[amitaysadovsky.weebly.com/uploads/5/7/0/3/57037851/566082.jpg]
[amitaysadovsky.weebly.com/uploads/5/7/0/3/57037851/781681.jpg]
[amitaysadovsky.weebly.com/uploads/5/7/0/3/57037851/6680659.jpg]
[amitaysadovsky.weebly.com/uploads/5/7/0/3/57037851/2875353.jpg]
[amitaysadovsky.weebly.com/uploads/5/7/0/3/57037851/1939674.jpg]
[amitaysadovsky.weebly.com/uploads/5/7/0/3/57037851/963012.jpg]
[amitaysadovsky.weebly.com/uploads/5/7/0/3/57037851/1973508.jpg]
[amitaysadovsky.weebly.com/uploads/5/7/0/3/57037851/5825661_orig.jpg]
[amitaysadovsky.weebly.com/uploads/5/7/0/3/57037851/566082_orig.jpg]
[amitaysadovsky.weebly.com/uploads/5/7/0/3/57037851/781681_orig.jpg]
[amitaysadovsky.weebly.com/uploads/5/7/0/3/57037851/6680659_orig.jpg]
[amitaysadovsky.weebly.com/uploads/5/7/0/3/57037851/2875353_orig.jpg]
[amitaysadovsky.weebly.com/uploads/5/7/0/3/57037851/1939674_orig.jpg]
[amitaysadovsky.weebly.com/uploads/5/7/0/3/57037851/963012_orig.jpg]
[amitaysadovsky.weebly.com/uploads/5/7/0/3/57037851/1973508_orig.jpg]
[amitaysadovsky.weebly.com/wall-installation-2009.html]
[amitaysadovsky.weebly.com/uploads/5/7/0/3/57037851/5137337.jpg]
[amitaysadovsky.weebly.com/uploads/5/7/0/3/57037851/6789398.jpg]
[amitaysadovsky.weebly.com/uploads/5/7/0/3/57037851/1511665.jpg]
[amitaysadovsky.weebly.com/uploads/5/7/0/3/57037851/99535.jpg]
[amitaysadovsky.weebly.com/uploads/5/7/0/3/57037851/4855535.jpg]
[amitaysadovsky.weebly.com/uploads/5/7/0/3/57037851/5067720.jpg]
[amitaysadovsky.weebly.com/uploads/5/7/0/3/57037851/2710217.jpg]
[amitaysadovsky.weebly.com/uploads/5/7/0/3/57037851/6508205.jpg]
[amitaysadovsky.weebly.com/uploads/5/7/0/3/57037851/801911.jpg]
[amitaysadovsky.weebly.com/uploads/5/7/0/3/57037851/5150406.jpg]
[amitaysadovsky.weebly.com/uploads/5/7/0/3/57037851/5137337_orig.jpg]
[amitaysadovsky.weebly.com/uploads/5/7/0/3/57037851/6789398_orig.jpg]
[amitaysadovsky.weebly.com/uploads/5/7/0/3/57037851/1511665_orig.jpg]
[amitaysadovsky.weebly.com/uploads/5/7/0/3/57037851/99535_orig.jpg]
[amitaysadovsky.weebly.com/uploads/5/7/0/3/57037851/4855535_orig.jpg]
[amitaysadovsky.weebly.com/uploads/5/7/0/3/57037851/5067720_orig.jpg]
[amitaysadovsky.weebly.com/uploads/5/7/0/3/57037851/2710217_orig.jpg]
[amitaysadovsky.weebly.com/uploads/5/7/0/3/57037851/6508205_orig.jpg]
[amitaysadovsky.weebly.com/uploads/5/7/0/3/57037851/801911_orig.jpg]
[amitaysadovsky.weebly.com/uploads/5/7/0/3/57037851/5150406_orig.jpg]
[amitaysadovsky.weebly.com/uploads/5/7/0/3/57037851/9919595_orig.jpg]
[amitaysadovsky.weebly.com/uploads/5/7/0/3/57037851/9919595.jpg]
[amitaysadovsky.weebly.com/uploads/5/7/0/3/57037851/1555678_orig.jpg]
[amitaysadovsky.weebly.com/uploads/5/7/0/3/57037851/1555678.jpg]
[amitaysadovsky.weebly.com/in-between-2006-2008.html]
[amitaysadovsky.weebly.com/uploads/5/7/0/3/57037851/1642817.jpg]
[amitaysadovsky.weebly.com/uploads/5/7/0/3/57037851/1715668.jpg]
[amitaysadovsky.weebly.com/uploads/5/7/0/3/57037851/1740125.jpg]
[amitaysadovsky.weebly.com/uploads/5/7/0/3/57037851/3924554.jpg]
[amitaysadovsky.weebly.com/uploads/5/7/0/3/57037851/8367671.jpg]
[amitaysadovsky.weebly.com/uploads/5/7/0/3/57037851/9173493.jpg]
[amitaysadovsky.weebly.com/uploads/5/7/0/3/57037851/9270093.jpg]
[amitaysadovsky.weebly.com/uploads/5/7/0/3/57037851/2348598.jpg]
[amitaysadovsky.weebly.com/uploads/5/7/0/3/57037851/1642817_orig.jpg]
[amitaysadovsky.weebly.com/uploads/5/7/0/3/57037851/1715668_orig.jpg]
[amitaysadovsky.weebly.com/uploads/5/7/0/3/57037851/1740125_orig.jpg]
[amitaysadovsky.weebly.com/uploads/5/7/0/3/57037851/3924554_orig.jpg]
[amitaysadovsky.weebly.com/uploads/5/7/0/3/57037851/8367671_orig.jpg]
[amitaysadovsky.weebly.com/uploads/5/7/0/3/57037851/9173493_orig.jpg]
[amitaysadovsky.weebly.com/uploads/5/7/0/3/57037851/9270093_orig.jpg]
[amitaysadovsky.weebly.com/uploads/5/7/0/3/57037851/2348598_orig.jpg]
[amitaysadovsky.weebly.com/shield-of-the-mighty-2011.html]
[amitaysadovsky.weebly.com/uploads/5/7/0/3/57037851/277851.jpg]
[amitaysadovsky.weebly.com/uploads/5/7/0/3/57037851/8132241.jpg]
[amitaysadovsky.weebly.com/uploads/5/7/0/3/57037851/3130947.jpg]
[amitaysadovsky.weebly.com/uploads/5/7/0/3/57037851/531416.jpg]
[amitaysadovsky.weebly.com/uploads/5/7/0/3/57037851/399356.jpg]
[amitaysadovsky.weebly.com/uploads/5/7/0/3/57037851/6585551.jpg]
[amitaysadovsky.weebly.com/uploads/5/7/0/3/57037851/277851_orig.jpg]
[amitaysadovsky.weebly.com/uploads/5/7/0/3/57037851/8132241_orig.jpg]
[amitaysadovsky.weebly.com/uploads/5/7/0/3/57037851/3130947_orig.jpg]
[amitaysadovsky.weebly.com/uploads/5/7/0/3/57037851/531416_orig.jpg]
[amitaysadovsky.weebly.com/uploads/5/7/0/3/57037851/399356_orig.jpg]
[amitaysadovsky.weebly.com/quiet-island-video-performance-2012.html]
[amitaysadovsky.weebly.com/uploads/5/7/0/3/57037851/6585551_orig.jpg]
[amitaysadovsky.weebly.com/uploads/5/7/0/3/57037851/3944490.jpg]
[amitaysadovsky.weebly.com/uploads/5/7/0/3/57037851/8432311.jpg]
[amitaysadovsky.weebly.com/uploads/5/7/0/3/57037851/2919552.jpg]
[amitaysadovsky.weebly.com/uploads/5/7/0/3/57037851/257850.jpg]
[amitaysadovsky.weebly.com/uploads/5/7/0/3/57037851/7511929.jpg]
[amitaysadovsky.weebly.com/uploads/5/7/0/3/57037851/9661355.jpg]
[amitaysadovsky.weebly.com/uploads/5/7/0/3/57037851/4492079.jpg]
[amitaysadovsky.weebly.com/uploads/5/7/0/3/57037851/4047461.jpg]
[amitaysadovsky.weebly.com/uploads/5/7/0/3/57037851/5746150.jpg]
[amitaysadovsky.weebly.com/uploads/5/7/0/3/57037851/1533198.jpg]
[amitaysadovsky.weebly.com/uploads/5/7/0/3/57037851/3944490_orig.jpg]
[amitaysadovsky.weebly.com/uploads/5/7/0/3/57037851/8432311_orig.jpg]
[amitaysadovsky.weebly.com/uploads/5/7/0/3/57037851/2919552_orig.jpg]
[amitaysadovsky.weebly.com/uploads/5/7/0/3/57037851/257850_orig.jpg]
[amitaysadovsky.weebly.com/uploads/5/7/0/3/57037851/7511929_orig.jpg]
[amitaysadovsky.weebly.com/uploads/5/7/0/3/57037851/9661355_orig.jpg]
[amitaysadovsky.weebly.com/uploads/5/7/0/3/57037851/4492079_orig.jpg]
[amitaysadovsky.weebly.com/uploads/5/7/0/3/57037851/4047461_orig.jpg]
[amitaysadovsky.weebly.com/uploads/5/7/0/3/57037851/5746150_orig.jpg]
[amitaysadovsky.weebly.com/uploads/5/7/0/3/57037851/1533198_orig.jpg]
[amitaysadovsky.weebly.com/uploads/5/7/0/3/57037851/2482094_orig.jpg]
[amitaysadovsky.weebly.com/uploads/5/7/0/3/57037851/2482094.jpg]
[amitaysadovsky.weebly.com/uploads/5/7/0/3/57037851/785043_orig.jpg]
[amitaysadovsky.weebly.com/uploads/5/7/0/3/57037851/785043.jpg]
[amitaysadovsky.weebly.com/uploads/5/7/0/3/57037851/2648294_orig.jpg]
[amitaysadovsky.weebly.com/uploads/5/7/0/3/57037851/2648294.jpg]
[amitaysadovsky.weebly.com/uploads/5/7/0/3/57037851/6592067_orig.jpg]
[amitaysadovsky.weebly.com/uploads/5/7/0/3/57037851/6592067.jpg]
[amitaysadovsky.weebly.com/uploads/5/7/0/3/57037851/3577341_orig.jpg]
[amitaysadovsky.weebly.com/uploads/5/7/0/3/57037851/3577341.jpg]
[amitaysadovsky.weebly.com/uploads/5/7/0/3/57037851/800_orig.jpg]
[amitaysadovsky.weebly.com/uploads/5/7/0/3/57037851/800.jpg]
[amitaysadovsky.weebly.com/private-investigations-2004.html]
[amitaysadovsky.weebly.com/uploads/5/7/0/3/57037851/published/forwardscf5b.jpg]
[amitaysadovsky.weebly.com/uploads/5/7/0/3/57037851/kitchen1_115d4.jpg]
[amitaysadovsky.weebly.com/uploads/5/7/0/3/57037851/1200355081_1be83.jpg]
[amitaysadovsky.weebly.com/uploads/5/7/0/3/57037851/img-4560-copy_12421.jpg]
[amitaysadovsky.weebly.com/uploads/5/7/0/3/57037851/220452aabd.jpg]
[amitaysadovsky.weebly.com/uploads/5/7/0/3/57037851/36533210e01.jpg]
[amitaysadovsky.weebly.com/uploads/5/7/0/3/57037851/18130076680.jpg]
[amitaysadovsky.weebly.com/uploads/5/7/0/3/57037851/kitchen1_1_orig.jpg]
[amitaysadovsky.weebly.com/uploads/5/7/0/3/57037851/1200355081_1_orig.jpg]
[amitaysadovsky.weebly.com/uploads/5/7/0/3/57037851/img-4560-copy_1_orig.jpg]
[amitaysadovsky.weebly.com/uploads/5/7/0/3/57037851/220452_orig.jpg]
[amitaysadovsky.weebly.com/uploads/5/7/0/3/57037851/3653321_orig.jpg]
[amitaysadovsky.weebly.com/uploads/5/7/0/3/57037851/1813007_orig.jpg]
[amitaysadovsky.weebly.com/news.html]
[amitaysadovsky.weebly.com/uploads/5/7/0/3/57037851/19439866392.jpg]
[amitaysadovsky.weebly.com/uploads/5/7/0/3/57037851/575801392c8.jpg]
[amitaysadovsky.weebly.com/uploads/5/7/0/3/57037851/62871770e01.jpg]
[amitaysadovsky.weebly.com/publications.html]
[cdn2.editmysite.com/images/site/footer/og-image-placeholder-blank.png]
[amitaysadovsky.weebly.com/uploads/5/7/0/3/57037851/shall_we_accept_the_flowers_of_goodness_and_reject_the_flowers_of_evil_yair_garbuz.pdf]
[www.weebly.com/weebly/images/file_icons/pdf.png]
[amitaysadovsky.weebly.com/uploads/5/7/0/3/57037851/האם_את_פרחי_הטוב_נקבל_ואת_פרחי_הרע_לא_נקבל_יאיר_גרבוז.pdf]
[amitaysadovsky.weebly.com/uploads/5/7/0/3/57037851/composite_materials_augmented_reality_yivsam_azgad.pdf]
[amitaysadovsky.weebly.com/uploads/5/7/0/3/57037851/מציאות_רבודה-יבשם_עזגד.pdf]
[amitaysadovsky.weebly.com/uploads/5/7/0/3/57037851/the_enigma_of_narrative_in_ella_amitay_sadovskys_oeuvre_ruthi_ofek.pdf]
[amitaysadovsky.weebly.com/uploads/5/7/0/3/57037851/רותי_אופק_חידת_הסיפור_ביצירתה_של_אלה_אמיתי_סדובסקי.pdf]
[amitaysadovsky.weebly.com/uploads/5/7/0/3/57037851/ella_amitay_sadovsky-_setting_the_stage_davira_s._taragin.pdf]
[amitaysadovsky.weebly.com/uploads/5/7/0/3/57037851/אלה_אמיתי_סדובסקי-_להכין_את_הבמה_דבירה_טרגין.pdf]
[amitaysadovsky.weebly.com/uploads/5/7/0/3/57037851/eretz_magazine_148_ella_amitay_sadovsky.pdf]
[amitaysadovsky.weebly.com/uploads/5/7/0/3/57037851/רעות_ברנע_כלכליסט.jpg]
[www.weebly.com/weebly/images/file_icons/image.png]
[amitaysadovsky.weebly.com/uploads/5/7/0/3/57037851/ella_amitay_sadovsky-_entrances_and_exits_irena_gordon.pdf]
[amitaysadovsky.weebly.com/uploads/5/7/0/3/57037851/אלה_אמיתי_סדובסקי-_כניסות_ויציאות_אירנה_גורדון.pdf]
[amitaysadovsky.weebly.com/articles.html]
[amitaysadovsky.weebly.com/uploads/5/7/0/3/57037851/cv_ella_amitay_sadovsky_2015.pdf]
[amitaysadovsky.weebly.com/about.html]
[amitaysadovsky.weebly.com/cdn-cgi/l/email-protection.1d2.delayed]
[amitaysadovsky.weebly.com/contact.html]
[amitaysadovsky.weebly.com/cdn-cgi/scripts/5c5dd728/cloudflare-static/email-decode.min.js]
[amitaysadovsky.weebly.com/files/theme/images/default_header1df7.html]
[amitaysadovsky.weebly.com/files/theme/images/downarrow1df7.html]
[amitaysadovsky.weebly.com/files/theme/images/default_icons1df7.html]
[amitaysadovsky.weebly.com/files/theme/images/teal_icons1df7.html]
[amitaysadovsky.weebly.com/uploads/5/7/0/3/57037851/543133.jpg]
[amitaysadovsky.weebly.com/uploads/5/7/0/3/57037851/1578087.jpg]
[amitaysadovsky.weebly.com/uploads/5/7/0/3/57037851/2642734.jpg]
[amitaysadovsky.weebly.com/uploads/5/7/0/3/57037851/7768445.jpg]
[amitaysadovsky.weebly.com/uploads/5/7/0/3/57037851/5016820.jpg]
[amitaysadovsky.weebly.com/uploads/5/7/0/3/57037851/4764713.jpg]
[amitaysadovsky.weebly.com/uploads/5/7/0/3/57037851/9091970.jpg]
[amitaysadovsky.weebly.com/uploads/5/7/0/3/57037851/543133_orig.jpg]
[amitaysadovsky.weebly.com/uploads/5/7/0/3/57037851/1578087_orig.jpg]
[amitaysadovsky.weebly.com/uploads/5/7/0/3/57037851/2642734_orig.jpg]
[amitaysadovsky.weebly.com/uploads/5/7/0/3/57037851/7768445_orig.jpg]
[amitaysadovsky.weebly.com/uploads/5/7/0/3/57037851/5016820_orig.jpg]
[amitaysadovsky.weebly.com/uploads/5/7/0/3/57037851/4764713_orig.jpg]
[amitaysadovsky.weebly.com/uploads/5/7/0/3/57037851/9091970_orig.jpg]
[amitaysadovsky.weebly.com/installation-view.html]
[amitaysadovsky.weebly.com/cdn-cgi/l/email-protection.html]
[www.google-analytics.com/analytics.js]
